[    9883ms] [ERROR] Failed to load resource: net::ERR_CONNECTION_RESET @ https://static.cloudflareinsights.com/beacon.min.js/v3d52b47920f24c319d37e2661827c42b1787588026925:0
[    9945ms] [ERROR] Failed to load resource: net::ERR_NAME_NOT_RESOLVED @ https://cdn1.lncld.net/static/js/3.1.1/av-min.js:0
[    9946ms] ReferenceError: AV is not defined
    at https://tech.itabas.com/:55:5
[   10000ms] [INFO] Slow network is detected. See https://www.chromestatus.com/feature/5636954674692096 for more details. Fallback font will be used while loading: https://at.alicdn.com/t/font_96542_ixz9jngnf1sb57b9.woff @ https://tech.itabas.com/:386
[   13975ms] [ERROR] Failed to load resource: net::ERR_CONNECTION_RESET @ https://static.cloudflareinsights.com/beacon.min.js/v3d52b47920f24c319d37e2661827c42b1787588026925:0
[   14116ms] [ERROR] Failed to load resource: net::ERR_NAME_NOT_RESOLVED @ https://cdn1.lncld.net/static/js/3.1.1/av-min.js:0
[   14117ms] ReferenceError: AV is not defined
    at https://tech.itabas.com/2020/01/01/life/event-2019/:55:5
[   47356ms] [ERROR] Failed to load resource: net::ERR_CONNECTION_TIMED_OUT @ https://itabas016.disqus.com/embed.js:0
[   47359ms] [WARNING] <meta name="apple-mobile-web-app-capable" content="yes"> is deprecated. Please include <meta name="mobile-web-app-capable" content="yes"> @ https://tech.itabas.com/2020/01/01/life/event-2019/:0
[   77177ms] [ERROR] Failed to load resource: net::ERR_CONNECTION_RESET @ https://static.cloudflareinsights.com/beacon.min.js/v3d52b47920f24c319d37e2661827c42b1787588026925:0
[   77365ms] [ERROR] Failed to load resource: net::ERR_NAME_NOT_RESOLVED @ https://cdn1.lncld.net/static/js/3.1.1/av-min.js:0
[   77364ms] ReferenceError: AV is not defined
    at https://tech.itabas.com/:55:5
[   77383ms] [WARNING] <meta name="apple-mobile-web-app-capable" content="yes"> is deprecated. Please include <meta name="mobile-web-app-capable" content="yes"> @ https://tech.itabas.com/:0
[   80157ms] [ERROR] Failed to load resource: net::ERR_CONNECTION_RESET @ https://static.cloudflareinsights.com/beacon.min.js/v3d52b47920f24c319d37e2661827c42b1787588026925:0
[   80224ms] [ERROR] Failed to load resource: net::ERR_NAME_NOT_RESOLVED @ https://cdn1.lncld.net/static/js/3.1.1/av-min.js:0
[   80224ms] ReferenceError: AV is not defined
    at https://tech.itabas.com/2018/01/21/life/event-2017/:55:5
[  107601ms] [ERROR] Failed to load resource: net::ERR_CONNECTION_TIMED_OUT @ https://itabas016.disqus.com/embed.js:0
[  107603ms] [WARNING] <meta name="apple-mobile-web-app-capable" content="yes"> is deprecated. Please include <meta name="mobile-web-app-capable" content="yes"> @ https://tech.itabas.com/2018/01/21/life/event-2017/:0
